Microchip MPLAB XC8 Compiler V1.43 ()

Linker command line:

--edf=C:\Program Files (x86)\Microchip\xc8\v1.43\dat\en_msgs.txt -cs \
  -h+dist/default/production\TunnelBoard.X.production.sym \
  --cmf=dist/default/production\TunnelBoard.X.production.cmf -z -Q18F4550 \
  -oC:\Users\AVELLB~1\AppData\Local\Temp\sgm8.2 \
  -Mdist/default/production/TunnelBoard.X.production.map -E1 -ver=XC8 \
  -ASTACK=0EDh-07ffh -pstack=STACK -ACODE=00h-07FFFh -ACONST=00h-07FFFh \
  -ASMALLCONST=0800h-08FFhx120 -AMEDIUMCONST=0800h-07FFFh -ACOMRAM=01h-05Fh \
  -AABS1=00h-07FFh -ABIGRAM=01h-07FFh -ARAM=060h-0FFh,0100h-01FFhx7 \
  -ABANK0=060h-0FFh -ABANK1=0100h-01FFh -ABANK2=0200h-02FFh \
  -ABANK3=0300h-03FFh -ABANK4=0400h-04FFh -ABANK5=0500h-05FFh \
  -ABANK6=0600h-06FFh -ABANK7=0700h-07FFh -ASFR=0F60h-0FFFh \
  -preset_vec=00h,intcode=08h,intcodelo,powerup,init -pramtop=0800h \
  -psmallconst=SMALLCONST -pmediumconst=MEDIUMCONST -pconst=CONST \
  -AFARRAM=00h-00h -ACONFIG=0300000h-030000Dh -pconfig=CONFIG \
  -AIDLOC=0200000h-0200007h -pidloc=IDLOC -AEEDATA=0F00000h-0F000FFh \
  -peeprom_data=EEDATA \
  -prdata=COMRAM,nvrram=COMRAM,nvbit=COMRAM,rbss=COMRAM,rbit=COMRAM \
  -pfarbss=FARRAM,fardata=FARRAM,nvFARRAM=FARRAM \
  -pintsave_regs=BIGRAM,bigbss=BIGRAM,bigdata=BIGRAM -pbss=RAM \
  -pidata=CODE,irdata=CODE,ibigdata=CODE,ifardata=CODE -prparam=COMRAM \
  C:\Users\AVELLB~1\AppData\Local\Temp\sgm8.obj \
  dist/default/production\TunnelBoard.X.production.obj 

Object code version is 3.11

Machine type is 18F4550

Call graph: (short form)




                Name                               Link     Load   Length Selector   Space Scale
C:\Users\AVELLB~1\AppData\Local\Temp\sgm8.obj
                init                                  E        E        4        4       0
                reset_vec                             0        0        4        0       0
                idloc                            200000   200000        8   200000       0
                config                           300000   300000        E   300000       0
dist/default/production\TunnelBoard.X.production.obj
                intcode                               8        8        6        4       0
                temp                                 4D       4D        1        1       1
                smallconst                          800      800       72      400       0
                intcode_body                       1AF4     1AF4       AA      439       0
                text29                             1A46     1A46       AE      439       0
                text28                             187C     187C       E6      439       0
                text27                             165A     165A      12E      439       0
                text26                             2088     2088       5C      439       0
                text25                             213A     213A       56      439       0
                text24                              CA4      CA4      3C2      439       0
                text23                             1D46     1D46       82      439       0
                text22                             2022     2022       66      439       0
                text21                             22AE     22AE       16      439       0
                text20                             1B9E     1B9E       94      439       0
                text19                              872      872      432      439       0
                text18                             1FB8     1FB8       6A      439       0
                text17                             228A     228A       24      439       0
                text16                             1066     1066      316      439       0
                text15                             1F46     1F46       72      439       0
                text14                             151E     151E      13C      439       0
                text13                             1E48     1E48       80      439       0
                text12                             137C     137C      1A2      439       0
                text11                             2264     2264       26      439       0
                text10                             220E     220E       2E      439       0
                text9                              1DC8     1DC8       80      439       0
                text8                              22C4     22C4        C      439       0
                text7                              223C     223C       28      439       0
                text6                              20E4     20E4       56      439       0
                text5                              21D6     21D6       38      439       0
                text4                              1C32     1C32       90      439       0
                text3                              1788     1788       F4      439       0
                text2                              1CC2     1CC2       84      439       0
                text1                              1962     1962       E4      439       0
                text0                              1EC8     1EC8       7E      439       0
                cstackCOMRAM                          1        1       3A        1       1
                cstackBANK0                          B2       B2       37       60       1
                dataBANK0                            E9       E9        4       60       1
                bssBANK0                             60       60       52       60       1
                bssCOMRAM                            3B       3B       12        1       1
                cinit                              2190     2190       46      439       0
                idataBANK0                         22D0     22D0        4      439       0

TOTAL           Name                               Link     Load   Length     Space
        CLASS   STACK          

        CLASS   CODE           
                intcode                               8        8        6         0
                init                                  E        E        4         0
                reset_vec                             0        0        4         0
                intcode_body                       1AF4     1AF4       AA         0
                text29                             1A46     1A46       AE         0
                text28                             187C     187C       E6         0
                text27                             165A     165A      12E         0
                text26                             2088     2088       5C         0
                text25                             213A     213A       56         0
                text24                              CA4      CA4      3C2         0
                text23                             1D46     1D46       82         0
                text22                             2022     2022       66         0
                text21                             22AE     22AE       16         0
                text20                             1B9E     1B9E       94         0
                text19                              872      872      432         0
                text18                             1FB8     1FB8       6A         0
                text17                             228A     228A       24         0
                text16                             1066     1066      316         0
                text15                             1F46     1F46       72         0
                text14                             151E     151E      13C         0
                text13                             1E48     1E48       80         0
                text12                             137C     137C      1A2         0
                text11                             2264     2264       26         0
                text10                             220E     220E       2E         0
                text9                              1DC8     1DC8       80         0
                text8                              22C4     22C4        C         0
                text7                              223C     223C       28         0
                text6                              20E4     20E4       56         0
                text5                              21D6     21D6       38         0
                text4                              1C32     1C32       90         0
                text3                              1788     1788       F4         0
                text2                              1CC2     1CC2       84         0
                text1                              1962     1962       E4         0
                text0                              1EC8     1EC8       7E         0
                cinit                              2190     2190       46         0
                idataBANK0                         22D0     22D0        4         0

        CLASS   CONST          

        CLASS   SMALLCONST     
                smallconst                          800      800       72         0

        CLASS   MEDIUMCONST    

        CLASS   COMRAM         
                temp                                 4D       4D        1         1
                cstackCOMRAM                          1        1       3A         1
                bssCOMRAM                            3B       3B       12         1

        CLASS   ABS1           

        CLASS   BIGRAM         

        CLASS   RAM            

        CLASS   BANK0          
                cstackBANK0                          B2       B2       37         1
                dataBANK0                            E9       E9        4         1
                bssBANK0                             60       60       52         1

        CLASS   BANK1          

        CLASS   BANK2          

        CLASS   BANK3          

        CLASS   BANK4          

        CLASS   BANK5          

        CLASS   BANK6          

        CLASS   BANK7          

        CLASS   SFR            

        CLASS   FARRAM         

        CLASS   CONFIG         
                config                           300000   300000        E         0

        CLASS   IDLOC          
                idloc                            200000   200000        8         0

        CLASS   EEDATA         



SEGMENTS        Name                           Load    Length   Top    Selector   Space  Class

                reset_vec                      000000  000004  000004         0       0  CODE    
                cstackCOMRAM                   000001  00004D  00004E         1       1  COMRAM  
                intcode                        000008  00000A  000012         4       0  CODE    
                bssBANK0                       000060  00008D  0000ED        60       1  BANK0   
                smallconst                     000800  000072  000872       400       0  SMALLCON
                text19                         000872  001A62  0022D4       439       0  CODE    
                idloc                          200000  000008  200008    200000       0  IDLOC   
                config                         300000  00000E  30000E    300000       0  CONFIG  


UNUSED ADDRESS RANGES

        Name                Unused          Largest block    Delta
        BANK0            0000ED-0000FF               13
        BANK1            000100-0001FF              100
        BANK2            000200-0002FF              100
        BANK3            000300-0003FF              100
        BANK4            000400-0004FF              100
        BANK5            000500-0005FF              100
        BANK6            000600-0006FF              100
        BANK7            000700-0007FF              100
        BIGRAM           00004E-00005F               12
                         0000ED-0007FF              713
        CODE             000004-000007                4
                         000012-0007FF              7EE
                         0022D4-007FFF             5D2C
        COMRAM           00004E-00005F               12
        CONST            000004-000007                4
                         000012-0007FF              7EE
                         0022D4-007FFF             5D2C
        EEDATA           F00000-F000FF              100
        MEDIUMCONST      0022D4-007FFF             5D2C
        RAM              0000ED-0007FF              100
        SFR              000F60-000FFF               A0
        SMALLCONST       0022D4-007FFF              100
        STACK            0000ED-0007FF              713

                                  Symbol Table

?___awtoft               cstackCOMRAM 00001B
?___ftdiv                cstackCOMRAM 000024
?___ftmul                cstackCOMRAM 00001B
?___ftpack               cstackCOMRAM 000013
?___fttol                cstackCOMRAM 000033
?___lldiv                cstackCOMRAM 00001C
?___llmod                cstackCOMRAM 000013
?___lltoft               cstackCOMRAM 00001B
?___lmul                 cstackCOMRAM 000013
_INTCON2bits             (abs)        000FF1
_INTCON3bits             (abs)        000FF0
_INTCONbits              (abs)        000FF2
_IPR1bits                (abs)        000F9F
_IPR2bits                (abs)        000FA2
_LATAbits                (abs)        000F89
_LATCbits                (abs)        000F8B
_LATEbits                (abs)        000F8D
_OSCCONbits              (abs)        000FD3
_PIE1                    (abs)        000F9D
_PIE1bits                (abs)        000F9D
_PIE2                    (abs)        000FA0
_PIE2bits                (abs)        000FA0
_PORTCbits               (abs)        000F82
_PORTDbits               (abs)        000F83
_RCONbits                (abs)        000FD0
_T0CONbits               (abs)        000FD5
_T0IF                    (abs)        007F92
_TMR0                    (abs)        000FD6
_TMR0H                   (abs)        000FD7
_TMR0L                   (abs)        000FD6
_TRISAbits               (abs)        000F92
_TRISCbits               (abs)        000F94
_TRISEbits               (abs)        000F96
__CFG_BOR$OFF            (abs)        000000
__CFG_CCP2MX$OFF         (abs)        000000
__CFG_FCMEN$OFF          (abs)        000000
__CFG_FOSC$INTOSC_EC     (abs)        000000
__CFG_IESO$ON            (abs)        000000
__CFG_LVP$OFF            (abs)        000000
__CFG_MCLRE$OFF          (abs)        000000
__CFG_PBADEN$OFF         (abs)        000000
__CFG_PLLDIV$1           (abs)        000000
__CFG_PWRT$OFF           (abs)        000000
__CFG_STVREN$ON          (abs)        000000
__CFG_VREGEN$OFF         (abs)        000000
__CFG_WDT$OFF            (abs)        000000
__HRAM                   (abs)        000000
__Habs1                  abs1         000000
__Hbank0                 bank0        000000
__Hbank1                 bank1        000000
__Hbank2                 bank2        000000
__Hbank3                 bank3        000000
__Hbank4                 bank4        000000
__Hbank5                 bank5        000000
__Hbank6                 bank6        000000
__Hbank7                 bank7        000000
__Hbigbss                bigbss       000000
__Hbigdata               bigdata      000000
__Hbigram                bigram       000000
__Hbss                   bss          000000
__HbssBANK0              bssBANK0     000000
__HbssCOMRAM             bssCOMRAM    000000
__Hcinit                 cinit        000000
__Hclrtext               clrtext      000000
__Hcomram                comram       000000
__Hconfig                config       30000E
__Hconst                 const        000000
__HcstackBANK0           cstackBANK0  000000
__HcstackCOMRAM          cstackCOMRAM 000000
__Hdata                  data         000000
__HdataBANK0             dataBANK0    000000
__Heeprom_data           eeprom_data  000000
__Hfarbss                farbss       000000
__Hfardata               fardata      000000
__Hibigdata              ibigdata     000000
__Hidata                 idata        000000
__HidataBANK0            idataBANK0   000000
__Hidloc                 idloc        200008
__Hifardata              ifardata     000000
__Hinit                  init         000012
__Hintcode               intcode      00000E
__Hintcode_body          intcode_body 000000
__Hintcodelo             intcodelo    00000E
__Hintentry              intentry     000000
__Hintret                intret       000000
__Hintsave_regs          intsave_regs 000000
__Hirdata                irdata       000000
__Hmediumconst           mediumconst  000000
__HnvFARRAM              nvFARRAM     000000
__Hnvbit                 nvbit        000000
__Hnvrram                nvrram       000000
__Hparam                 rparam       000000
__Hpowerup               powerup      00000E
__Hram                   ram          000000
__Hramtop                ramtop       000800
__Hrbit                  rbit         000000
__Hrbss                  rbss         000000
__Hrdata                 rdata        000000
__Hreset_vec             reset_vec    000004
__Hrparam                rparam       000000
__Hsfr                   sfr          000000
__Hsmallconst            smallconst   000872
__Hspace_0               (abs)        30000E
__Hspace_1               (abs)        0000ED
__Hspace_2               (abs)        000000
__Hstack                 stack        000000
__Hstruct                struct       000000
__Htemp                  temp         00004E
__Htext                  text         000000
__Htext0                 text0        000000
__Htext1                 text1        000000
__Htext10                text10       000000
__Htext11                text11       000000
__Htext12                text12       000000
__Htext13                text13       000000
__Htext14                text14       000000
__Htext15                text15       000000
__Htext16                text16       000000
__Htext17                text17       000000
__Htext18                text18       000000
__Htext19                text19       000000
__Htext2                 text2        000000
__Htext20                text20       000000
__Htext21                text21       000000
__Htext22                text22       000000
__Htext23                text23       000000
__Htext24                text24       000000
__Htext25                text25       000000
__Htext26                text26       000000
__Htext27                text27       000000
__Htext28                text28       000000
__Htext29                text29       000000
__Htext3                 text3        000000
__Htext4                 text4        000000
__Htext5                 text5        000000
__Htext6                 text6        000000
__Htext7                 text7        000000
__Htext8                 text8        000000
__Htext9                 text9        000000
__LRAM                   (abs)        000001
__Labs1                  abs1         000000
__Lbank0                 bank0        000000
__Lbank1                 bank1        000000
__Lbank2                 bank2        000000
__Lbank3                 bank3        000000
__Lbank4                 bank4        000000
__Lbank5                 bank5        000000
__Lbank6                 bank6        000000
__Lbank7                 bank7        000000
__Lbigbss                bigbss       000000
__Lbigdata               bigdata      000000
__Lbigram                bigram       000000
__Lbss                   bss          000000
__LbssBANK0              bssBANK0     000000
__LbssCOMRAM             bssCOMRAM    000000
__Lcinit                 cinit        000000
__Lclrtext               clrtext      000000
__Lcomram                comram       000000
__Lconfig                config       300000
__Lconst                 const        000000
__LcstackBANK0           cstackBANK0  000000
__LcstackCOMRAM          cstackCOMRAM 000000
__Ldata                  data         000000
__LdataBANK0             dataBANK0    000000
__Leeprom_data           eeprom_data  000000
__Lfarbss                farbss       000000
__Lfardata               fardata      000000
__Libigdata              ibigdata     000000
__Lidata                 idata        000000
__LidataBANK0            idataBANK0   000000
__Lidloc                 idloc        200000
__Lifardata              ifardata     000000
__Linit                  init         00000E
__Lintcode               intcode      000008
__Lintcode_body          intcode_body 000000
__Lintcodelo             intcodelo    00000E
__Lintentry              intentry     000000
__Lintret                intret       000000
__Lintsave_regs          intsave_regs 000000
__Lirdata                irdata       000000
__Lmediumconst           mediumconst  000000
__LnvFARRAM              nvFARRAM     000000
__Lnvbit                 nvbit        000000
__Lnvrram                nvrram       000000
__Lparam                 rparam       000000
__Lpowerup               powerup      00000E
__Lram                   ram          000000
__Lramtop                ramtop       000800
__Lrbit                  rbit         000000
__Lrbss                  rbss         000000
__Lrdata                 rdata        000000
__Lreset_vec             reset_vec    000000
__Lrparam                rparam       000000
__Lsfr                   sfr          000000
__Lsmallconst            smallconst   000800
__Lspace_0               (abs)        000000
__Lspace_1               (abs)        000000
__Lspace_2               (abs)        000000
__Lstack                 stack        000000
__Lstruct                struct       000000
__Ltemp                  temp         00004D
__Ltext                  text         000000
__Ltext0                 text0        000000
__Ltext1                 text1        000000
__Ltext10                text10       000000
__Ltext11                text11       000000
__Ltext12                text12       000000
__Ltext13                text13       000000
__Ltext14                text14       000000
__Ltext15                text15       000000
__Ltext16                text16       000000
__Ltext17                text17       000000
__Ltext18                text18       000000
__Ltext19                text19       000000
__Ltext2                 text2        000000
__Ltext20                text20       000000
__Ltext21                text21       000000
__Ltext22                text22       000000
__Ltext23                text23       000000
__Ltext24                text24       000000
__Ltext25                text25       000000
__Ltext26                text26       000000
__Ltext27                text27       000000
__Ltext28                text28       000000
__Ltext29                text29       000000
__Ltext3                 text3        000000
__Ltext4                 text4        000000
__Ltext5                 text5        000000
__Ltext6                 text6        000000
__Ltext7                 text7        000000
__Ltext8                 text8        000000
__Ltext9                 text9        000000
__S0                     (abs)        30000E
__S1                     (abs)        0000ED
__S2                     (abs)        000000
___awtoft                text5        0021D6
___awtoft@c              cstackCOMRAM 00001B
___awtoft@sign           cstackCOMRAM 00001E
___ftdiv                 text28       00187C
___ftdiv@cntr            cstackCOMRAM 00002D
___ftdiv@exp             cstackCOMRAM 000031
___ftdiv@f1              cstackCOMRAM 000024
___ftdiv@f2              cstackCOMRAM 000027
___ftdiv@f3              cstackCOMRAM 00002E
___ftdiv@sign            cstackCOMRAM 000032
___ftge                  text4        001C32
___ftge@ff1              cstackCOMRAM 00002A
___ftge@ff2              cstackCOMRAM 00002D
___ftmul                 text3        001788
___ftmul@cntr            cstackCOMRAM 000028
___ftmul@exp             cstackCOMRAM 000024
___ftmul@f1              cstackCOMRAM 00001B
___ftmul@f2              cstackCOMRAM 00001E
___ftmul@f3_as_product   cstackCOMRAM 000025
___ftmul@sign            cstackCOMRAM 000029
___ftpack                text29       001A46
___ftpack@arg            cstackCOMRAM 000013
___ftpack@exp            cstackCOMRAM 000016
___ftpack@sign           cstackCOMRAM 000017
___fttol                 text27       00165A
___fttol@exp1            cstackBANK0  0000BC
___fttol@f1              cstackCOMRAM 000033
___fttol@lval            cstackBANK0  0000B8
___fttol@sign1           cstackBANK0  0000B7
___inthi_sp              stack        000000
___intlo_sp              stack        000000
___lldiv                 text23       001D46
___lldiv@counter         cstackCOMRAM 000028
___lldiv@dividend        cstackCOMRAM 00001C
___lldiv@divisor         cstackCOMRAM 000020
___lldiv@quotient        cstackCOMRAM 000024
___llmod                 text22       002022
___llmod@counter         cstackCOMRAM 00001B
___llmod@dividend        cstackCOMRAM 000013
___llmod@divisor         cstackCOMRAM 000017
___lltoft                text26       002088
___lltoft@c              cstackCOMRAM 00001B
___lltoft@exp            cstackCOMRAM 000023
___lmul                  text25       00213A
___lmul@multiplicand     cstackCOMRAM 000017
___lmul@multiplier       cstackCOMRAM 000013
___lmul@product          cstackCOMRAM 00001B
___param_bank            (abs)        000000
___rparam_used           (abs)        000001
___sp                    stack        000000
__accesstop              (abs)        000060
__activetblptr           (abs)        000002
__end_of___awtoft        text5        00220E
__end_of___ftdiv         text28       001962
__end_of___ftge          text4        001CC2
__end_of___ftmul         text3        00187C
__end_of___ftpack        text29       001AF4
__end_of___fttol         text27       001788
__end_of___lldiv         text23       001DC8
__end_of___llmod         text22       002088
__end_of___lltoft        text26       0020E4
__end_of___lmul          text25       002190
__end_of__initialization cinit        0021C8
__end_of_acel_med        text24       001066
__end_of_acq_data        text13       001EC8
__end_of_clear_data      text12       00151E
__end_of_clear_scr       text6        00213A
__end_of_config_int      text11       00228A
__end_of_config_io       text10       00223C
__end_of_config_lcd      text9        001E48
__end_of_config_osc      text8        0022D0
__end_of_config_tmr      text7        002264
__end_of_data_print      text19       000CA4
__end_of_data_tmr        text14       00165A
__end_of_delay_sec       text2        001D46
__end_of_inter           intcode_body 001B9E
__end_of_jump_line       text17       0022AE
__end_of_main            text0        001F46
__end_of_msg_init        text1        001A46
__end_of_pulse           text21       0022C4
__end_of_set_data        text20       001C32
__end_of_set_inst        text18       002022
__end_of_vel_med         text16       00137C
__end_of_write_string    text15       001FB8
__initialization         cinit        002190
__mediumconst            mediumconst  000000
__pbssBANK0              bssBANK0     000060
__pbssCOMRAM             bssCOMRAM    00003B
__pcinit                 cinit        002190
__pcstackBANK0           cstackBANK0  0000B2
__pcstackCOMRAM          cstackCOMRAM 000001
__pdataBANK0             dataBANK0    0000E9
__pidataBANK0            idataBANK0   0022D0
__pintcode               intcode      000008
__pintcode_body          intcode_body 001AF4
__psmallconst            smallconst   000800
__ptext0                 text0        001EC8
__ptext1                 text1        001962
__ptext10                text10       00220E
__ptext11                text11       002264
__ptext12                text12       00137C
__ptext13                text13       001E48
__ptext14                text14       00151E
__ptext15                text15       001F46
__ptext16                text16       001066
__ptext17                text17       00228A
__ptext18                text18       001FB8
__ptext19                text19       000872
__ptext2                 text2        001CC2
__ptext20                text20       001B9E
__ptext21                text21       0022AE
__ptext22                text22       002022
__ptext23                text23       001D46
__ptext24                text24       000CA4
__ptext25                text25       00213A
__ptext26                text26       002088
__ptext27                text27       00165A
__ptext28                text28       00187C
__ptext29                text29       001A46
__ptext3                 text3        001788
__ptext4                 text4        001C32
__ptext5                 text5        0021D6
__ptext6                 text6        0020E4
__ptext7                 text7        00223C
__ptext8                 text8        0022C4
__ptext9                 text9        001DC8
__ramtop                 ramtop       000800
__size_of___awtoft       (abs)        000000
__size_of___ftdiv        (abs)        000000
__size_of___ftge         (abs)        000000
__size_of___ftmul        (abs)        000000
__size_of___ftpack       (abs)        000000
__size_of___fttol        (abs)        000000
__size_of___lldiv        (abs)        000000
__size_of___llmod        (abs)        000000
__size_of___lltoft       (abs)        000000
__size_of___lmul         (abs)        000000
__size_of_acel_med       (abs)        000000
__size_of_acq_data       (abs)        000000
__size_of_clear_data     (abs)        000000
__size_of_clear_scr      (abs)        000000
__size_of_config_int     (abs)        000000
__size_of_config_io      (abs)        000000
__size_of_config_lcd     (abs)        000000
__size_of_config_osc     (abs)        000000
__size_of_config_tmr     (abs)        000000
__size_of_data_print     (abs)        000000
__size_of_data_tmr       (abs)        000000
__size_of_delay_sec      (abs)        000000
__size_of_inter          (abs)        000000
__size_of_jump_line      (abs)        000000
__size_of_main           (abs)        000000
__size_of_msg_init       (abs)        000000
__size_of_pulse          (abs)        000000
__size_of_set_data       (abs)        000000
__size_of_set_inst       (abs)        000000
__size_of_vel_med        (abs)        000000
__size_of_write_string   (abs)        000000
__smallconst             smallconst   000800
_acel_data               bssCOMRAM    000041
_acel_med                text24       000CA4
_acel_tot                bssBANK0     00006C
_aceleracao_med          bssBANK0     000064
_acq_data                text13       001E48
_clear_data              text12       00137C
_clear_scr               text6        0020E4
_comp_ft                 dataBANK0    0000E9
_config_int              text11       002264
_config_io               text10       00220E
_config_lcd              text9        001DC8
_config_osc              text8        0022C4
_config_tmr              text7        00223C
_cont_ft                 bssCOMRAM    00003F
_cont_global             bssBANK0     00007C
_data_print              text19       000872
_data_tmr                text14       00151E
_delay_sec               text2        001CC2
_error_flag              bssBANK0     000084
_fti1_flag               bssBANK0     00008C
_fti2_flag               bssBANK0     00008A
_fti3_flag               bssBANK0     000088
_fti4_flag               bssBANK0     000086
_inter                   intcode      000008
_jump_line               text17       00228A
_main                    text0        001EC8
_msg_init                text1        001962
_num                     bssBANK0     000078
_pulse                   text21       0022AE
_set_data                text20       001B9E
_set_inst                text18       001FB8
_tempo_med               bssBANK0     000068
_teste_long              bssBANK0     000080
_time_aux                bssCOMRAM    00003B
_time_data               bssBANK0     00008E
_vel_data                bssBANK0     0000A2
_vel_med                 text16       001066
_vel_tot                 bssBANK0     000070
_velocidade_med          bssBANK0     000074
_write_string            text15       001F46
acel_med@i               cstackCOMRAM 000037
btemp                    temp         00004D
clear_data@cont_aux      bssBANK0     000060
clear_data@i             cstackCOMRAM 000015
data_print@data          cstackCOMRAM 000029
data_print@data0         cstackBANK0  0000DE
data_print@data00        cstackBANK0  0000DA
data_print@data1         cstackBANK0  0000BE
data_print@data10        cstackBANK0  0000BA
data_print@data2         cstackBANK0  0000C2
data_print@data3         cstackBANK0  0000C6
data_print@data4         cstackBANK0  0000CA
data_print@data5         cstackBANK0  0000CE
data_print@data6         cstackBANK0  0000D2
data_print@data7         cstackBANK0  0000D6
data_print@data8         cstackBANK0  0000B2
data_print@data9         cstackBANK0  0000B6
data_tmr@ftp             cstackCOMRAM 000039
delay_sec@i              cstackBANK0  0000BF
delay_sec@j              cstackBANK0  0000BD
delay_sec@sec            cstackCOMRAM 000037
end_of_initialization    cinit        0021C8
int$flags                temp         00004D
int_func                 intcode_body 001AF4
intlevel0                text         000000
intlevel1                text         000000
intlevel2                text         000000
intlevel3                text         000000
msg_init@i               cstackBANK0  0000C1
set_data@data            cstackCOMRAM 00001B
set_data@i               cstackCOMRAM 00001C
set_data@v               cstackCOMRAM 000013
set_inst@a               cstackCOMRAM 00001A
set_inst@b               cstackCOMRAM 000013
set_inst@c               cstackCOMRAM 000014
set_inst@d               cstackCOMRAM 000015
set_inst@e               cstackCOMRAM 000016
set_inst@f               cstackCOMRAM 000017
set_inst@g               cstackCOMRAM 000018
set_inst@h               cstackCOMRAM 000019
stackhi                  (abs)        0007FF
stacklo                  (abs)        0000ED
start                    init         00000E
start_initialization     cinit        002190
vel_med@i                cstackCOMRAM 000037
write_string@i           cstackCOMRAM 000021
write_string@string      cstackCOMRAM 00001D
wtemp6                   temp         00004E


FUNCTION INFORMATION:

 *************** function _main *****************
 Defined at:
		line 533 in file "main.c"
 Parameters:    Size  Location     Type
		None
 Auto vars:     Size  Location     Type
		None
 Return value:  Size  Location     Type
                  1    wreg      void 
 Registers used:
		wreg, fsr1l, fsr1h, fsr2l, fsr2h, status,2, status,0, tblptrl, tblptrh, tblptru, prodl, prodh, cstack
 Tracked objects:
		On entry : 
		On exit  : 
		Unchanged: 
 Data sizes:     COMRAM   BANK0   BANK1   BANK2   BANK3   BANK4   BANK5   BANK6   BANK7
      Params:         0       0       0       0       0       0       0       0       0
      Locals:         0       0       0       0       0       0       0       0       0
      Temps:          0       2       0       0       0       0       0       0       0
      Totals:         0       2       0       0       0       0       0       0       0
Total ram usage:        2 bytes
 Hardware stack levels required when called:    6
 This function calls:
		_acq_data
		_clear_data
		_clear_scr
		_config_int
		_config_io
		_config_lcd
		_config_osc
		_config_tmr
		_jump_line
		_msg_init
		_write_string
 This function is called by:
		Startup code after reset
 This function uses a non-reentrant model


 *************** function _msg_init *****************
 Defined at:
		line 372 in file "main.c"
 Parameters:    Size  Location     Type
		None
 Auto vars:     Size  Location     Type
  i               2   15[BANK0 ] int 
 Return value:  Size  Location     Type
                  1    wreg      void 
 Registers used:
		wreg, fsr1l, fsr1h, fsr2l, fsr2h, status,2, status,0, tblptrl, tblptrh, tblptru, prodl, prodh, cstack
 Tracked objects:
		On entry : 
		On exit  : 
		Unchanged: 
 Data sizes:     COMRAM   BANK0   BANK1   BANK2   BANK3   BANK4   BANK5   BANK6   BANK7
      Params:         0       0       0       0       0       0       0       0       0
      Locals:         0       2       0       0       0       0       0       0       0
      Temps:          0       0       0       0       0       0       0       0       0
      Totals:         0       2       0       0       0       0       0       0       0
Total ram usage:        2 bytes
 Hardware stack levels used:    1
 Hardware stack levels required when called:    4
 This function calls:
		_clear_scr
		_delay_sec
		_jump_line
		_write_string
 This function is called by:
		_main
 This function uses a non-reentrant model


 *************** function _delay_sec *****************
 Defined at:
		line 365 in file "main.c"
 Parameters:    Size  Location     Type
  sec             3   54[COMRAM] float 
 Auto vars:     Size  Location     Type
  i               2   13[BANK0 ] int 
  j               2   11[BANK0 ] int 
 Return value:  Size  Location     Type
                  1    wreg      void 
 Registers used:
		wreg, status,2, status,0, cstack
 Tracked objects:
		On entry : 
		On exit  : 
		Unchanged: 
 Data sizes:     COMRAM   BANK0   BANK1   BANK2   BANK3   BANK4   BANK5   BANK6   BANK7
      Params:         3       0       0       0       0       0       0       0       0
      Locals:         0       4       0       0       0       0       0       0       0
      Temps:          1       0       0       0       0       0       0       0       0
      Totals:         4       4       0       0       0       0       0       0       0
Total ram usage:        8 bytes
 Hardware stack levels used:    1
 Hardware stack levels required when called:    3
 This function calls:
		___awtoft
		___ftge
		___ftmul
		___fttol
 This function is called by:
		_msg_init
 This function uses a non-reentrant model


 *************** function ___ftmul *****************
 Defined at:
		line 62 in file "C:\Program Files (x86)\Microchip\xc8\v1.43\sources\common\ftmul.c"
 Parameters:    Size  Location     Type
  f1              3   26[COMRAM] float 
  f2              3   29[COMRAM] float 
 Auto vars:     Size  Location     Type
  f3_as_produc    3   36[COMRAM] unsigned um
  sign            1   40[COMRAM] unsigned char 
  cntr            1   39[COMRAM] unsigned char 
  exp             1   35[COMRAM] unsigned char 
 Return value:  Size  Location     Type
                  3   26[COMRAM] float 
 Registers used:
		wreg, status,2, status,0, cstack
 Tracked objects:
		On entry : 
		On exit  : 
		Unchanged: 
 Data sizes:     COMRAM   BANK0   BANK1   BANK2   BANK3   BANK4   BANK5   BANK6   BANK7
      Params:         6       0       0       0       0       0       0       0       0
      Locals:         6       0       0       0       0       0       0       0       0
      Temps:          3       0       0       0       0       0       0       0       0
      Totals:        15       0       0       0       0       0       0       0       0
Total ram usage:       15 bytes
 Hardware stack levels used:    1
 Hardware stack levels required when called:    2
 This function calls:
		___ftpack
 This function is called by:
		_delay_sec
 This function uses a non-reentrant model


 *************** function ___ftge *****************
 Defined at:
		line 4 in file "C:\Program Files (x86)\Microchip\xc8\v1.43\sources\common\ftge.c"
 Parameters:    Size  Location     Type
  ff1             3   41[COMRAM] float 
  ff2             3   44[COMRAM] float 
 Auto vars:     Size  Location     Type
		None
 Return value:  Size  Location     Type
		None               void
 Registers used:
		wreg, status,2, status,0
 Tracked objects:
		On entry : 
		On exit  : 
		Unchanged: 
 Data sizes:     COMRAM   BANK0   BANK1   BANK2   BANK3   BANK4   BANK5   BANK6   BANK7
      Params:         6       0       0       0       0       0       0       0       0
      Locals:         0       0       0       0       0       0       0       0       0
      Temps:          3       0       0       0       0       0       0       0       0
      Totals:         9       0       0       0       0       0       0       0       0
Total ram usage:        9 bytes
 Hardware stack levels used:    1
 Hardware stack levels required when called:    1
 This function calls:
		Nothing
 This function is called by:
		_delay_sec
 This function uses a non-reentrant model


 *************** function ___awtoft *****************
 Defined at:
		line 32 in file "C:\Program Files (x86)\Microchip\xc8\v1.43\sources\common\awtoft.c"
 Parameters:    Size  Location     Type
  c               2   26[COMRAM] int 
 Auto vars:     Size  Location     Type
  sign            1   29[COMRAM] unsigned char 
 Return value:  Size  Location     Type
                  3   26[COMRAM] float 
 Registers used:
		wreg, status,2, status,0, cstack
 Tracked objects:
		On entry : 
		On exit  : 
		Unchanged: 
 Data sizes:     COMRAM   BANK0   BANK1   BANK2   BANK3   BANK4   BANK5   BANK6   BANK7
      Params:         3       0       0       0       0       0       0       0       0
      Locals:         1       0       0       0       0       0       0       0       0
      Temps:          0       0       0       0       0       0       0       0       0
      Totals:         4       0       0       0       0       0       0       0       0
Total ram usage:        4 bytes
 Hardware stack levels used:    1
 Hardware stack levels required when called:    2
 This function calls:
		___ftpack
 This function is called by:
		_delay_sec
 This function uses a non-reentrant model


 *************** function _clear_scr *****************
 Defined at:
		line 322 in file "main.c"
 Parameters:    Size  Location     Type
		None
 Auto vars:     Size  Location     Type
		None
 Return value:  Size  Location     Type
                  1    wreg      void 
 Registers used:
		wreg, status,2, cstack
 Tracked objects:
		On entry : 
		On exit  : 
		Unchanged: 
 Data sizes:     COMRAM   BANK0   BANK1   BANK2   BANK3   BANK4   BANK5   BANK6   BANK7
      Params:         0       0       0       0       0       0       0       0       0
      Locals:         0       0       0       0       0       0       0       0       0
      Temps:          0       0       0       0       0       0       0       0       0
      Totals:         0       0       0       0       0       0       0       0       0
Total ram usage:        0 bytes
 Hardware stack levels used:    1
 Hardware stack levels required when called:    3
 This function calls:
		_set_inst
 This function is called by:
		_msg_init
		_main
 This function uses a non-reentrant model


 *************** function _config_tmr *****************
 Defined at:
		line 228 in file "main.c"
 Parameters:    Size  Location     Type
		None
 Auto vars:     Size  Location     Type
		None
 Return value:  Size  Location     Type
                  1    wreg      void 
 Registers used:
		wreg, status,2
 Tracked objects:
		On entry : 
		On exit  : 
		Unchanged: 
 Data sizes:     COMRAM   BANK0   BANK1   BANK2   BANK3   BANK4   BANK5   BANK6   BANK7
      Params:         0       0       0       0       0       0       0       0       0
      Locals:         0       0       0       0       0       0       0       0       0
      Temps:          0       0       0       0       0       0       0       0       0
      Totals:         0       0       0       0       0       0       0       0       0
Total ram usage:        0 bytes
 Hardware stack levels used:    1
 Hardware stack levels required when called:    1
 This function calls:
		Nothing
 This function is called by:
		_main
 This function uses a non-reentrant model


 *************** function _config_osc *****************
 Defined at:
		line 166 in file "main.c"
 Parameters:    Size  Location     Type
		None
 Auto vars:     Size  Location     Type
		None
 Return value:  Size  Location     Type
                  1    wreg      void 
 Registers used:
		None
 Tracked objects:
		On entry : 
		On exit  : 
		Unchanged: 
 Data sizes:     COMRAM   BANK0   BANK1   BANK2   BANK3   BANK4   BANK5   BANK6   BANK7
      Params:         0       0       0       0       0       0       0       0       0
      Locals:         0       0       0       0       0       0       0       0       0
      Temps:          0       0       0       0       0       0       0       0       0
      Totals:         0       0       0       0       0       0       0       0       0
Total ram usage:        0 bytes
 Hardware stack levels used:    1
 Hardware stack levels required when called:    1
 This function calls:
		Nothing
 This function is called by:
		_main
 This function uses a non-reentrant model


 *************** function _config_lcd *****************
 Defined at:
		line 276 in file "main.c"
 Parameters:    Size  Location     Type
		None
 Auto vars:     Size  Location     Type
		None
 Return value:  Size  Location     Type
                  1    wreg      void 
 Registers used:
		wreg, status,2, cstack
 Tracked objects:
		On entry : 
		On exit  : 
		Unchanged: 
 Data sizes:     COMRAM   BANK0   BANK1   BANK2   BANK3   BANK4   BANK5   BANK6   BANK7
      Params:         0       0       0       0       0       0       0       0       0
      Locals:         0       0       0       0       0       0       0       0       0
      Temps:          1       0       0       0       0       0       0       0       0
      Totals:         1       0       0       0       0       0       0       0       0
Total ram usage:        1 bytes
 Hardware stack levels used:    1
 Hardware stack levels required when called:    3
 This function calls:
		_set_inst
 This function is called by:
		_main
 This function uses a non-reentrant model


 *************** function _config_io *****************
 Defined at:
		line 174 in file "main.c"
 Parameters:    Size  Location     Type
		None
 Auto vars:     Size  Location     Type
		None
 Return value:  Size  Location     Type
                  1    wreg      void 
 Registers used:
		None
 Tracked objects:
		On entry : 
		On exit  : 
		Unchanged: 
 Data sizes:     COMRAM   BANK0   BANK1   BANK2   BANK3   BANK4   BANK5   BANK6   BANK7
      Params:         0       0       0       0       0       0       0       0       0
      Locals:         0       0       0       0       0       0       0       0       0
      Temps:          0       0       0       0       0       0       0       0       0
      Totals:         0       0       0       0       0       0       0       0       0
Total ram usage:        0 bytes
 Hardware stack levels used:    1
 Hardware stack levels required when called:    1
 This function calls:
		Nothing
 This function is called by:
		_main
 This function uses a non-reentrant model


 *************** function _config_int *****************
 Defined at:
		line 202 in file "main.c"
 Parameters:    Size  Location     Type
		None
 Auto vars:     Size  Location     Type
		None
 Return value:  Size  Location     Type
                  1    wreg      void 
 Registers used:
		wreg, status,2
 Tracked objects:
		On entry : 
		On exit  : 
		Unchanged: 
 Data sizes:     COMRAM   BANK0   BANK1   BANK2   BANK3   BANK4   BANK5   BANK6   BANK7
      Params:         0       0       0       0       0       0       0       0       0
      Locals:         0       0       0       0       0       0       0       0       0
      Temps:          0       0       0       0       0       0       0       0       0
      Totals:         0       0       0       0       0       0       0       0       0
Total ram usage:        0 bytes
 Hardware stack levels used:    1
 Hardware stack levels required when called:    1
 This function calls:
		Nothing
 This function is called by:
		_main
 This function uses a non-reentrant model


 *************** function _clear_data *****************
 Defined at:
		line 335 in file "main.c"
 Parameters:    Size  Location     Type
		None
 Auto vars:     Size  Location     Type
  i               2   20[COMRAM] int 
 Return value:  Size  Location     Type
                  1    wreg      void 
 Registers used:
		wreg, fsr2l, fsr2h, status,2, status,0
 Tracked objects:
		On entry : 
		On exit  : 
		Unchanged: 
 Data sizes:     COMRAM   BANK0   BANK1   BANK2   BANK3   BANK4   BANK5   BANK6   BANK7
      Params:         0       0       0       0       0       0       0       0       0
      Locals:         2       0       0       0       0       0       0       0       0
      Temps:          2       0       0       0       0       0       0       0       0
      Totals:         4       0       0       0       0       0       0       0       0
Total ram usage:        4 bytes
 Hardware stack levels used:    1
 Hardware stack levels required when called:    1
 This function calls:
		Nothing
 This function is called by:
		_main
 This function uses a non-reentrant model


 *************** function _acq_data *****************
 Defined at:
		line 500 in file "main.c"
 Parameters:    Size  Location     Type
		None
 Auto vars:     Size  Location     Type
		None
 Return value:  Size  Location     Type
                  1    wreg      void 
 Registers used:
		wreg, fsr1l, fsr1h, fsr2l, fsr2h, status,2, status,0, tblptrl, tblptrh, tblptru, prodl, prodh, cstack
 Tracked objects:
		On entry : 
		On exit  : 
		Unchanged: 
 Data sizes:     COMRAM   BANK0   BANK1   BANK2   BANK3   BANK4   BANK5   BANK6   BANK7
      Params:         0       0       0       0       0       0       0       0       0
      Locals:         0       0       0       0       0       0       0       0       0
      Temps:          0       1       0       0       0       0       0       0       0
      Totals:         0       1       0       0       0       0       0       0       0
Total ram usage:        1 bytes
 Hardware stack levels used:    1
 Hardware stack levels required when called:    5
 This function calls:
		_data_tmr
 This function is called by:
		_main
 This function uses a non-reentrant model


 *************** function _data_tmr *****************
 Defined at:
		line 480 in file "main.c"
 Parameters:    Size  Location     Type
  ftp             2   56[COMRAM] unsigned int 
 Auto vars:     Size  Location     Type
		None
 Return value:  Size  Location     Type
                  1    wreg      void 
 Registers used:
		wreg, fsr1l, fsr1h, fsr2l, fsr2h, status,2, status,0, tblptrl, tblptrh, tblptru, prodl, prodh, cstack
 Tracked objects:
		On entry : 
		On exit  : 
		Unchanged: 
 Data sizes:     COMRAM   BANK0   BANK1   BANK2   BANK3   BANK4   BANK5   BANK6   BANK7
      Params:         2       0       0       0       0       0       0       0       0
      Locals:         0       0       0       0       0       0       0       0       0
      Temps:          0       4       0       0       0       0       0       0       0
      Totals:         2       4       0       0       0       0       0       0       0
Total ram usage:        6 bytes
 Hardware stack levels used:    1
 Hardware stack levels required when called:    4
 This function calls:
		_acel_med
		_data_print
		_jump_line
		_vel_med
		_write_string
 This function is called by:
		_acq_data
 This function uses a non-reentrant model


 *************** function _write_string *****************
 Defined at:
		line 312 in file "main.c"
 Parameters:    Size  Location     Type
  string          2   28[COMRAM] PTR unsigned char 
		 -> STR_11(11), STR_10(16), STR_9(8), STR_8(6), 
		 -> print_number@v(20), STR_7(13), STR_6(2), STR_5(13), 
		 -> STR_4(11), STR_3(14), STR_2(12), STR_1(18), 
 Auto vars:     Size  Location     Type
  i               2   32[COMRAM] int 
 Return value:  Size  Location     Type
                  1    wreg      void 
 Registers used:
		wreg, fsr1l, fsr1h, fsr2l, fsr2h, status,2, status,0, tblptrl, tblptrh, tblptru, prodl, prodh, cstack
 Tracked objects:
		On entry : 
		On exit  : 
		Unchanged: 
 Data sizes:     COMRAM   BANK0   BANK1   BANK2   BANK3   BANK4   BANK5   BANK6   BANK7
      Params:         2       0       0       0       0       0       0       0       0
      Locals:         2       0       0       0       0       0       0       0       0
      Temps:          2       0       0       0       0       0       0       0       0
      Totals:         6       0       0       0       0       0       0       0       0
Total ram usage:        6 bytes
 Hardware stack levels used:    1
 Hardware stack levels required when called:    3
 This function calls:
		_set_data
 This function is called by:
		_msg_init
		_data_tmr
		_main
		_print_number
 This function uses a non-reentrant model


 *************** function _vel_med *****************
 Defined at:
		line 448 in file "main.c"
 Parameters:    Size  Location     Type
		None
 Auto vars:     Size  Location     Type
  i               2   54[COMRAM] int 
 Return value:  Size  Location     Type
                  1    wreg      void 
 Registers used:
		wreg, fsr2l, fsr2h, status,2, status,0, cstack
 Tracked objects:
		On entry : 
		On exit  : 
		Unchanged: 
 Data sizes:     COMRAM   BANK0   BANK1   BANK2   BANK3   BANK4   BANK5   BANK6   BANK7
      Params:         0       0       0       0       0       0       0       0       0
      Locals:         2       0       0       0       0       0       0       0       0
      Temps:          0       6       0       0       0       0       0       0       0
      Totals:         2       6       0       0       0       0       0       0       0
Total ram usage:        8 bytes
 Hardware stack levels used:    1
 Hardware stack levels required when called:    3
 This function calls:
		___ftdiv
		___fttol
		___lldiv
		___lltoft
		___lmul
 This function is called by:
		_data_tmr
 This function uses a non-reentrant model


 *************** function _jump_line *****************
 Defined at:
		line 318 in file "main.c"
 Parameters:    Size  Location     Type
		None
 Auto vars:     Size  Location     Type
		None
 Return value:  Size  Location     Type
                  1    wreg      void 
 Registers used:
		wreg, status,2, cstack
 Tracked objects:
		On entry : 
		On exit  : 
		Unchanged: 
 Data sizes:     COMRAM   BANK0   BANK1   BANK2   BANK3   BANK4   BANK5   BANK6   BANK7
      Params:         0       0       0       0       0       0       0       0       0
      Locals:         0       0       0       0       0       0       0       0       0
      Temps:          0       0       0       0       0       0       0       0       0
      Totals:         0       0       0       0       0       0       0       0       0
Total ram usage:        0 bytes
 Hardware stack levels used:    1
 Hardware stack levels required when called:    3
 This function calls:
		_set_inst
 This function is called by:
		_msg_init
		_data_tmr
		_main
 This function uses a non-reentrant model


 *************** function _set_inst *****************
 Defined at:
		line 261 in file "main.c"
 Parameters:    Size  Location     Type
  a               1    wreg     unsigned char 
  b               1   18[COMRAM] unsigned char 
  c               1   19[COMRAM] unsigned char 
  d               1   20[COMRAM] unsigned char 
  e               1   21[COMRAM] unsigned char 
  f               1   22[COMRAM] unsigned char 
  g               1   23[COMRAM] unsigned char 
  h               1   24[COMRAM] unsigned char 
 Auto vars:     Size  Location     Type
  a               1   25[COMRAM] unsigned char 
 Return value:  Size  Location     Type
                  1    wreg      void 
 Registers used:
		wreg, cstack
 Tracked objects:
		On entry : 
		On exit  : 
		Unchanged: 
 Data sizes:     COMRAM   BANK0   BANK1   BANK2   BANK3   BANK4   BANK5   BANK6   BANK7
      Params:         7       0       0       0       0       0       0       0       0
      Locals:         1       0       0       0       0       0       0       0       0
      Temps:          0       0       0       0       0       0       0       0       0
      Totals:         8       0       0       0       0       0       0       0       0
Total ram usage:        8 bytes
 Hardware stack levels used:    1
 Hardware stack levels required when called:    2
 This function calls:
		_pulse
 This function is called by:
		_config_lcd
		_jump_line
		_clear_scr
 This function uses a non-reentrant model


 *************** function _data_print *****************
 Defined at:
		line 419 in file "main.c"
 Parameters:    Size  Location     Type
  data            4   40[COMRAM] unsigned long 
 Auto vars:     Size  Location     Type
  data0           4   44[BANK0 ] unsigned long 
  data00          4   40[BANK0 ] unsigned long 
  data7           4   36[BANK0 ] unsigned long 
  data6           4   32[BANK0 ] unsigned long 
  data5           4   28[BANK0 ] unsigned long 
  data4           4   24[BANK0 ] unsigned long 
  data3           4   20[BANK0 ] unsigned long 
  data2           4   16[BANK0 ] unsigned long 
  data1           4   12[BANK0 ] unsigned long 
  data10          4    8[BANK0 ] unsigned long 
  data9           4    4[BANK0 ] unsigned long 
  data8           4    0[BANK0 ] unsigned long 
 Return value:  Size  Location     Type
                  1    wreg      void 
 Registers used:
		wreg, fsr2l, fsr2h, status,2, status,0, prodl, prodh, cstack
 Tracked objects:
		On entry : 
		On exit  : 
		Unchanged: 
 Data sizes:     COMRAM   BANK0   BANK1   BANK2   BANK3   BANK4   BANK5   BANK6   BANK7
      Params:         4       0       0       0       0       0       0       0       0
      Locals:         0      48       0       0       0       0       0       0       0
      Temps:          0       0       0       0       0       0       0       0       0
      Totals:         4      48       0       0       0       0       0       0       0
Total ram usage:       52 bytes
 Hardware stack levels used:    1
 Hardware stack levels required when called:    3
 This function calls:
		___lldiv
		___llmod
		_set_data
 This function is called by:
		_data_tmr
 This function uses a non-reentrant model


 *************** function _set_data *****************
 Defined at:
		line 292 in file "main.c"
 Parameters:    Size  Location     Type
  data            1    wreg     unsigned char 
 Auto vars:     Size  Location     Type
  data            1   26[COMRAM] unsigned char 
  v               8   18[COMRAM] unsigned char [8]
  i               1   27[COMRAM] unsigned char 
 Return value:  Size  Location     Type
                  1    wreg      void 
 Registers used:
		wreg, fsr2l, fsr2h, status,2, status,0, prodl, prodh, cstack
 Tracked objects:
		On entry : 
		On exit  : 
		Unchanged: 
 Data sizes:     COMRAM   BANK0   BANK1   BANK2   BANK3   BANK4   BANK5   BANK6   BANK7
      Params:         0       0       0       0       0       0       0       0       0
      Locals:        10       0       0       0       0       0       0       0       0
      Temps:          0       0       0       0       0       0       0       0       0
      Totals:        10       0       0       0       0       0       0       0       0
Total ram usage:       10 bytes
 Hardware stack levels used:    1
 Hardware stack levels required when called:    2
 This function calls:
		_pulse
 This function is called by:
		_write_string
		_data_print
 This function uses a non-reentrant model


 *************** function _pulse *****************
 Defined at:
		line 254 in file "main.c"
 Parameters:    Size  Location     Type
		None
 Auto vars:     Size  Location     Type
		None
 Return value:  Size  Location     Type
                  1    wreg      void 
 Registers used:
		wreg
 Tracked objects:
		On entry : 
		On exit  : 
		Unchanged: 
 Data sizes:     COMRAM   BANK0   BANK1   BANK2   BANK3   BANK4   BANK5   BANK6   BANK7
      Params:         0       0       0       0       0       0       0       0       0
      Locals:         0       0       0       0       0       0       0       0       0
      Temps:          0       0       0       0       0       0       0       0       0
      Totals:         0       0       0       0       0       0       0       0       0
Total ram usage:        0 bytes
 Hardware stack levels used:    1
 Hardware stack levels required when called:    1
 This function calls:
		Nothing
 This function is called by:
		_set_inst
		_set_data
 This function uses a non-reentrant model


 *************** function ___llmod *****************
 Defined at:
		line 8 in file "C:\Program Files (x86)\Microchip\xc8\v1.43\sources\common\llmod.c"
 Parameters:    Size  Location     Type
  dividend        4   18[COMRAM] unsigned long 
  divisor         4   22[COMRAM] unsigned long 
 Auto vars:     Size  Location     Type
  counter         1   26[COMRAM] unsigned char 
 Return value:  Size  Location     Type
                  4   18[COMRAM] unsigned long 
 Registers used:
		wreg, status,2, status,0
 Tracked objects:
		On entry : 
		On exit  : 
		Unchanged: 
 Data sizes:     COMRAM   BANK0   BANK1   BANK2   BANK3   BANK4   BANK5   BANK6   BANK7
      Params:         8       0       0       0       0       0       0       0       0
      Locals:         1       0       0       0       0       0       0       0       0
      Temps:          0       0       0       0       0       0       0       0       0
      Totals:         9       0       0       0       0       0       0       0       0
Total ram usage:        9 bytes
 Hardware stack levels used:    1
 Hardware stack levels required when called:    1
 This function calls:
		Nothing
 This function is called by:
		_data_print
		_print_number
 This function uses a non-reentrant model


 *************** function ___lldiv *****************
 Defined at:
		line 8 in file "C:\Program Files (x86)\Microchip\xc8\v1.43\sources\common\lldiv.c"
 Parameters:    Size  Location     Type
  dividend        4   27[COMRAM] unsigned long 
  divisor         4   31[COMRAM] unsigned long 
 Auto vars:     Size  Location     Type
  quotient        4   35[COMRAM] unsigned long 
  counter         1   39[COMRAM] unsigned char 
 Return value:  Size  Location     Type
                  4   27[COMRAM] unsigned long 
 Registers used:
		wreg, status,2, status,0
 Tracked objects:
		On entry : 
		On exit  : 
		Unchanged: 
 Data sizes:     COMRAM   BANK0   BANK1   BANK2   BANK3   BANK4   BANK5   BANK6   BANK7
      Params:         8       0       0       0       0       0       0       0       0
      Locals:         5       0       0       0       0       0       0       0       0
      Temps:          0       0       0       0       0       0       0       0       0
      Totals:        13       0       0       0       0       0       0       0       0
Total ram usage:       13 bytes
 Hardware stack levels used:    1
 Hardware stack levels required when called:    1
 This function calls:
		Nothing
 This function is called by:
		_data_print
		_vel_med
		_print_number
 This function uses a non-reentrant model


 *************** function _acel_med *****************
 Defined at:
		line 466 in file "main.c"
 Parameters:    Size  Location     Type
		None
 Auto vars:     Size  Location     Type
  i               2   54[COMRAM] int 
 Return value:  Size  Location     Type
                  1    wreg      void 
 Registers used:
		wreg, fsr2l, fsr2h, status,2, status,0, cstack
 Tracked objects:
		On entry : 
		On exit  : 
		Unchanged: 
 Data sizes:     COMRAM   BANK0   BANK1   BANK2   BANK3   BANK4   BANK5   BANK6   BANK7
      Params:         0       0       0       0       0       0       0       0       0
      Locals:         2       0       0       0       0       0       0       0       0
      Temps:          0      18       0       0       0       0       0       0       0
      Totals:         2      18       0       0       0       0       0       0       0
Total ram usage:       20 bytes
 Hardware stack levels used:    1
 Hardware stack levels required when called:    3
 This function calls:
		___ftdiv
		___fttol
		___lltoft
		___lmul
 This function is called by:
		_data_tmr
 This function uses a non-reentrant model


 *************** function ___lmul *****************
 Defined at:
		line 15 in file "C:\Program Files (x86)\Microchip\xc8\v1.43\sources\common\Umul32.c"
 Parameters:    Size  Location     Type
  multiplier      4   18[COMRAM] unsigned long 
  multiplicand    4   22[COMRAM] unsigned long 
 Auto vars:     Size  Location     Type
  product         4   26[COMRAM] unsigned long 
 Return value:  Size  Location     Type
                  4   18[COMRAM] unsigned long 
 Registers used:
		wreg, status,2, status,0
 Tracked objects:
		On entry : 
		On exit  : 
		Unchanged: 
 Data sizes:     COMRAM   BANK0   BANK1   BANK2   BANK3   BANK4   BANK5   BANK6   BANK7
      Params:         8       0       0       0       0       0       0       0       0
      Locals:         4       0       0       0       0       0       0       0       0
      Temps:          0       0       0       0       0       0       0       0       0
      Totals:        12       0       0       0       0       0       0       0       0
Total ram usage:       12 bytes
 Hardware stack levels used:    1
 Hardware stack levels required when called:    1
 This function calls:
		Nothing
 This function is called by:
		_vel_med
		_acel_med
 This function uses a non-reentrant model


 *************** function ___lltoft *****************
 Defined at:
		line 35 in file "C:\Program Files (x86)\Microchip\xc8\v1.43\sources\common\lltoft.c"
 Parameters:    Size  Location     Type
  c               4   26[COMRAM] unsigned long 
 Auto vars:     Size  Location     Type
  exp             1   34[COMRAM] unsigned char 
 Return value:  Size  Location     Type
                  3   26[COMRAM] float 
 Registers used:
		wreg, status,2, status,0, cstack
 Tracked objects:
		On entry : 
		On exit  : 
		Unchanged: 
 Data sizes:     COMRAM   BANK0   BANK1   BANK2   BANK3   BANK4   BANK5   BANK6   BANK7
      Params:         4       0       0       0       0       0       0       0       0
      Locals:         1       0       0       0       0       0       0       0       0
      Temps:          4       0       0       0       0       0       0       0       0
      Totals:         9       0       0       0       0       0       0       0       0
Total ram usage:        9 bytes
 Hardware stack levels used:    1
 Hardware stack levels required when called:    2
 This function calls:
		___ftpack
 This function is called by:
		_vel_med
		_acel_med
 This function uses a non-reentrant model


 *************** function ___fttol *****************
 Defined at:
		line 44 in file "C:\Program Files (x86)\Microchip\xc8\v1.43\sources\common\fttol.c"
 Parameters:    Size  Location     Type
  f1              3   50[COMRAM] float 
 Auto vars:     Size  Location     Type
  lval            4    6[BANK0 ] unsigned long 
  exp1            1   10[BANK0 ] unsigned char 
  sign1           1    5[BANK0 ] unsigned char 
 Return value:  Size  Location     Type
                  4   50[COMRAM] long 
 Registers used:
		wreg, status,2, status,0
 Tracked objects:
		On entry : 
		On exit  : 
		Unchanged: 
 Data sizes:     COMRAM   BANK0   BANK1   BANK2   BANK3   BANK4   BANK5   BANK6   BANK7
      Params:         4       0       0       0       0       0       0       0       0
      Locals:         0       6       0       0       0       0       0       0       0
      Temps:          0       5       0       0       0       0       0       0       0
      Totals:         4      11       0       0       0       0       0       0       0
Total ram usage:       15 bytes
 Hardware stack levels used:    1
 Hardware stack levels required when called:    1
 This function calls:
		Nothing
 This function is called by:
		_delay_sec
		_vel_med
		_acel_med
 This function uses a non-reentrant model


 *************** function ___ftdiv *****************
 Defined at:
		line 54 in file "C:\Program Files (x86)\Microchip\xc8\v1.43\sources\common\ftdiv.c"
 Parameters:    Size  Location     Type
  f1              3   35[COMRAM] float 
  f2              3   38[COMRAM] float 
 Auto vars:     Size  Location     Type
  f3              3   45[COMRAM] float 
  sign            1   49[COMRAM] unsigned char 
  exp             1   48[COMRAM] unsigned char 
  cntr            1   44[COMRAM] unsigned char 
 Return value:  Size  Location     Type
                  3   35[COMRAM] float 
 Registers used:
		wreg, status,2, status,0, cstack
 Tracked objects:
		On entry : 
		On exit  : 
		Unchanged: 
 Data sizes:     COMRAM   BANK0   BANK1   BANK2   BANK3   BANK4   BANK5   BANK6   BANK7
      Params:         6       0       0       0       0       0       0       0       0
      Locals:         6       0       0       0       0       0       0       0       0
      Temps:          3       0       0       0       0       0       0       0       0
      Totals:        15       0       0       0       0       0       0       0       0
Total ram usage:       15 bytes
 Hardware stack levels used:    1
 Hardware stack levels required when called:    2
 This function calls:
		___ftpack
 This function is called by:
		_vel_med
		_acel_med
 This function uses a non-reentrant model


 *************** function ___ftpack *****************
 Defined at:
		line 62 in file "C:\Program Files (x86)\Microchip\xc8\v1.43\sources\common\float.c"
 Parameters:    Size  Location     Type
  arg             3   18[COMRAM] unsigned um
  exp             1   21[COMRAM] unsigned char 
  sign            1   22[COMRAM] unsigned char 
 Auto vars:     Size  Location     Type
		None
 Return value:  Size  Location     Type
                  3   18[COMRAM] float 
 Registers used:
		wreg, status,2, status,0
 Tracked objects:
		On entry : 
		On exit  : 
		Unchanged: 
 Data sizes:     COMRAM   BANK0   BANK1   BANK2   BANK3   BANK4   BANK5   BANK6   BANK7
      Params:         5       0       0       0       0       0       0       0       0
      Locals:         0       0       0       0       0       0       0       0       0
      Temps:          3       0       0       0       0       0       0       0       0
      Totals:         8       0       0       0       0       0       0       0       0
Total ram usage:        8 bytes
 Hardware stack levels used:    1
 Hardware stack levels required when called:    1
 This function calls:
		Nothing
 This function is called by:
		___awtoft
		___ftdiv
		___ftmul
		___lltoft
 This function uses a non-reentrant model


 *************** function _inter *****************
 Defined at:
		line 159 in file "main.c"
 Parameters:    Size  Location     Type
		None
 Auto vars:     Size  Location     Type
		None
 Return value:  Size  Location     Type
                  1    wreg      void 
 Registers used:
		wreg, status,2, status,0
 Tracked objects:
		On entry : 
		On exit  : 
		Unchanged: 
 Data sizes:     COMRAM   BANK0   BANK1   BANK2   BANK3   BANK4   BANK5   BANK6   BANK7
      Params:         0       0       0       0       0       0       0       0       0
      Locals:         0       0       0       0       0       0       0       0       0
      Temps:         18       0       0       0       0       0       0       0       0
      Totals:        18       0       0       0       0       0       0       0       0
Total ram usage:       18 bytes
 Hardware stack levels used:    1
 This function calls:
		Nothing
 This function is called by:
		Interrupt level 2
 This function uses a non-reentrant model



MODULE INFORMATION

Module		Function		Class		Link	Load	Size
C:\Program Files (x86)\Microchip\xc8\v1.43\sources\common\Umul32.c
		___lmul        		CODE           	213A	0000	87

C:\Program Files (x86)\Microchip\xc8\v1.43\sources\common\Umul32.c estimated size: 87

C:\Program Files (x86)\Microchip\xc8\v1.43\sources\common\ftmul.c
		___ftmul       		CODE           	1788	0000	245

C:\Program Files (x86)\Microchip\xc8\v1.43\sources\common\ftmul.c estimated size: 245

C:\Program Files (x86)\Microchip\xc8\v1.43\sources\common\ftdiv.c
		___ftdiv       		CODE           	187C	0000	231

C:\Program Files (x86)\Microchip\xc8\v1.43\sources\common\ftdiv.c estimated size: 231

C:\Program Files (x86)\Microchip\xc8\v1.43\sources\common\ftge.c
		___ftge        		CODE           	1C32	0000	145

C:\Program Files (x86)\Microchip\xc8\v1.43\sources\common\ftge.c estimated size: 145

C:\Program Files (x86)\Microchip\xc8\v1.43\sources\common\awtoft.c
		___awtoft      		CODE           	21D6	0000	57

C:\Program Files (x86)\Microchip\xc8\v1.43\sources\common\awtoft.c estimated size: 57

C:\Program Files (x86)\Microchip\xc8\v1.43\sources\common\lldiv.c
		___lldiv       		CODE           	1D46	0000	131

C:\Program Files (x86)\Microchip\xc8\v1.43\sources\common\lldiv.c estimated size: 131

C:\Program Files (x86)\Microchip\xc8\v1.43\sources\common\fttol.c
		___fttol       		CODE           	165A	0000	303

C:\Program Files (x86)\Microchip\xc8\v1.43\sources\common\fttol.c estimated size: 303

C:\Program Files (x86)\Microchip\xc8\v1.43\sources\common\lltoft.c
		___lltoft      		CODE           	2088	0000	93

C:\Program Files (x86)\Microchip\xc8\v1.43\sources\common\lltoft.c estimated size: 93

shared
		__initialization		CODE           	2190	0000	57

shared estimated size: 57

C:\Program Files (x86)\Microchip\xc8\v1.43\sources\common\float.c
		___ftpack      		CODE           	1A46	0000	175

C:\Program Files (x86)\Microchip\xc8\v1.43\sources\common\float.c estimated size: 175

main.c
		_set_data      		CODE           	1B9E	0000	149
		_acel_med      		CODE           	0CA4	0000	963
		_clear_data    		CODE           	137C	0000	419
		_main          		CODE           	1EC8	0000	127
		_msg_init      		CODE           	1962	0000	229
		_write_string  		CODE           	1F46	0000	115
		_clear_scr     		CODE           	20E4	0000	87
		_vel_med       		CODE           	1066	0000	791
		_acq_data      		CODE           	1E48	0000	129
		_set_inst      		CODE           	1FB8	0000	107
		_pulse         		CODE           	22AE	0000	23
		_jump_line     		CODE           	228A	0000	37
		_data_tmr      		CODE           	151E	0000	317
		_inter         		CODE           	0008	0000	177
		_data_print    		CODE           	0872	0000	1075
		_config_io     		CODE           	220E	0000	47
		_config_lcd    		CODE           	1DC8	0000	129
		_config_osc    		CODE           	22C4	0000	13
		_config_int    		CODE           	2264	0000	39
		_config_tmr    		CODE           	223C	0000	41
		_delay_sec     		CODE           	1CC2	0000	133

main.c estimated size: 5147

C:\Program Files (x86)\Microchip\xc8\v1.43\sources\common\llmod.c
		___llmod       		CODE           	2022	0000	103

C:\Program Files (x86)\Microchip\xc8\v1.43\sources\common\llmod.c estimated size: 103

